// Jest Snapshot v1, https://goo.gl/fbAQLP

exports[`it renders correctly 1`] = `
Array [
  <header
    className="App-header"
  >
    <h3>
      REACT CALCULATOR
    </h3>
  </header>,
  <div
    className="App"
  >
    <div
      className="display"
    >
      <p
        style={
          Object {
            "fontSize": "2rem",
            "textAlign": "end",
          }
        }
      >
        0
      </p>
    </div>
    <div>
      <div
        className="button-panel"
      >
        <div>
          <p>
            <button
              className=""
              onClick={[Function]}
              type="button"
            >
              AC
            </button>
          </p>
        </div>
        <div>
          <p>
            <button
              className=""
              onClick={[Function]}
              type="button"
            >
              +/-
            </button>
          </p>
        </div>
        <div>
          <p>
            <button
              className=""
              onClick={[Function]}
              type="button"
            >
              %
            </button>
          </p>
        </div>
        <div>
          <p>
            <button
              className="orange"
              onClick={[Function]}
              type="button"
            >
              รท
            </button>
          </p>
        </div>
      </div>
      <div
        className="button-panel"
      >
        <div>
          <p>
            <button
              className=""
              onClick={[Function]}
              type="button"
            >
              7
            </button>
          </p>
        </div>
        <div>
          <p>
            <button
              className=""
              onClick={[Function]}
              type="button"
            >
              8
            </button>
          </p>
        </div>
        <div>
          <p>
            <button
              className=""
              onClick={[Function]}
              type="button"
            >
              9
            </button>
          </p>
        </div>
        <div>
          <p>
            <button
              className="orange"
              onClick={[Function]}
              type="button"
            >
              X
            </button>
          </p>
        </div>
      </div>
      <div
        className="button-panel"
      >
        <div>
          <p>
            <button
              className=""
              onClick={[Function]}
              type="button"
            >
              4
            </button>
          </p>
        </div>
        <div>
          <p>
            <button
              className=""
              onClick={[Function]}
              type="button"
            >
              5
            </button>
          </p>
        </div>
        <div>
          <p>
            <button
              className=""
              onClick={[Function]}
              type="button"
            >
              6
            </button>
          </p>
        </div>
        <div>
          <p>
            <button
              className="orange"
              onClick={[Function]}
              type="button"
            >
              -
            </button>
          </p>
        </div>
      </div>
      <div
        className="button-panel"
      >
        <div>
          <p>
            <button
              className=""
              onClick={[Function]}
              type="button"
            >
              1
            </button>
          </p>
        </div>
        <div>
          <p>
            <button
              className=""
              onClick={[Function]}
              type="button"
            >
              2
            </button>
          </p>
        </div>
        <div>
          <p>
            <button
              className=""
              onClick={[Function]}
              type="button"
            >
              3
            </button>
          </p>
        </div>
        <div>
          <p>
            <button
              className="orange"
              onClick={[Function]}
              type="button"
            >
              +
            </button>
          </p>
        </div>
      </div>
      <div
        className="button-panel zero"
      >
        <div>
          <p>
            <button
              className=" wide"
              onClick={[Function]}
              type="button"
            >
              0
            </button>
          </p>
        </div>
        <div>
          <p>
            <button
              className=""
              onClick={[Function]}
              type="button"
            >
              .
            </button>
          </p>
        </div>
        <div>
          <p>
            <button
              className="orange"
              onClick={[Function]}
              type="button"
            >
              =
            </button>
          </p>
        </div>
      </div>
    </div>
  </div>,
]
`;
