// Jest Snapshot v1, https://goo.gl/fbAQLP

exports[`<Button /> renders correctly 1`] = `
<div>
  <p>
    <button
      className="orange"
      type="button"
    />
  </p>
</div>
`;
