// Jest Snapshot v1, https://goo.gl/fbAQLP

exports[`<Display /> renders correctly 1`] = `
<div
  className="display"
>
  <p
    style={
      Object {
        "fontSize": "2rem",
        "textAlign": "end",
      }
    }
  >
    0
  </p>
</div>
`;
